---
source: tests/integration_tests.rs
expression: results
input_file: tests/detectors/unenforced_view.cairo
---
[
    Result {
        impact: Medium,
        name: "felt252-unsafe-arithmetic",
        confidence: Medium,
        message: "The function unenforced_view::unenforced_view::UnenforcedView::f3 uses the felt252 operation felt252_sub([3], [12]) -> ([13]), which is not overflow/underflow safe",
    },
    Result {
        impact: Medium,
        name: "felt252-unsafe-arithmetic",
        confidence: Medium,
        message: "The function unenforced_view::unenforced_view::UnenforcedView::recursive_storage_write_direct uses the felt252 operation felt252_sub([3], [19]) -> ([20]) with the user-controlled parameters: [3], which is not overflow/underflow safe",
    },
    Result {
        impact: Medium,
        name: "unenforced-view",
        confidence: Medium,
        message: "recursive_storage_write_direct defined in unenforced_view::unenforced_view::UnenforcedView is declared as view but changes state",
    },
    Result {
        impact: Medium,
        name: "unenforced-view",
        confidence: Medium,
        message: "recursive_storage_write_indirect defined in unenforced_view::unenforced_view::UnenforcedView is declared as view but changes state",
    },
    Result {
        impact: Medium,
        name: "unenforced-view",
        confidence: Medium,
        message: "writes_to_storage_direct defined in unenforced_view::unenforced_view::UnenforcedView is declared as view but changes state",
    },
    Result {
        impact: Medium,
        name: "unenforced-view",
        confidence: Medium,
        message: "writes_to_storage_indirect defined in unenforced_view::unenforced_view::UnenforcedView is declared as view but changes state",
    },
]
