---
source: tests/integration_tests.rs
expression: results
input_file: tests/detectors/unused_return.cairo
---
[
    Result {
        impact: Medium,
        name: "felt252-unsafe-arithmetic",
        confidence: Medium,
        message: "The function unused_return::unused_return::UnusedReturn::f_5 uses the felt252 operation felt252_mul([11], [12]) -> ([13]), which is not overflow/underflow safe",
    },
    Result {
        impact: Medium,
        name: "felt252-unsafe-arithmetic",
        confidence: Medium,
        message: "The function unused_return::unused_return::UnusedReturn::f_6 uses the felt252 operation felt252_add([14], [13]) -> ([15]) with the user-controlled parameters: [14], which is not overflow/underflow safe",
    },
    Result {
        impact: Medium,
        name: "felt252-unsafe-arithmetic",
        confidence: Medium,
        message: "The function unused_return::unused_return::UnusedReturn::f_6 uses the felt252 operation felt252_mul([3], [4]) -> ([14]) with the user-controlled parameters: [3],[4], which is not overflow/underflow safe",
    },
    Result {
        impact: Medium,
        name: "felt252-unsafe-arithmetic",
        confidence: Medium,
        message: "The function unused_return::unused_return::UnusedReturn::f_7 uses the felt252 operation felt252_add([17], [12]) -> ([18]) with the user-controlled parameters: [17], which is not overflow/underflow safe",
    },
    Result {
        impact: Medium,
        name: "felt252-unsafe-arithmetic",
        confidence: Medium,
        message: "The function unused_return::unused_return::UnusedReturn::f_7 uses the felt252 operation felt252_mul([13], [14]) -> ([16]) with the user-controlled parameters: [13],[14], which is not overflow/underflow safe",
    },
    Result {
        impact: Medium,
        name: "felt252-unsafe-arithmetic",
        confidence: Medium,
        message: "The function unused_return::unused_return::UnusedReturn::f_7 uses the felt252 operation felt252_mul([16], [15]) -> ([17]) with the user-controlled parameters: [16],[15], which is not overflow/underflow safe",
    },
    Result {
        impact: Medium,
        name: "felt252-unsafe-arithmetic",
        confidence: Medium,
        message: "The function unused_return::unused_return::UnusedReturn::no_report4 uses the felt252 operation felt252_add([6], [13]) -> ([14]) with the user-controlled parameters: [6],[13], which is not overflow/underflow safe",
    },
    Result {
        impact: Medium,
        name: "unused-return",
        confidence: Medium,
        message: "Return value unused for the function call function_call<user@unused_return::unused_return::UnusedReturn::f_1>([0], [1], [2], [3]) -> ([4], [5], [6]) in unused_return::unused_return::UnusedReturn::unused_return_1",
    },
    Result {
        impact: Medium,
        name: "unused-return",
        confidence: Medium,
        message: "Return value unused for the function call function_call<user@unused_return::unused_return::UnusedReturn::f_2>([1]) -> ([2]) in unused_return::unused_return::UnusedReturn::unused_return_2",
    },
    Result {
        impact: Medium,
        name: "unused-return",
        confidence: Medium,
        message: "Return value unused for the function call function_call<user@unused_return::unused_return::UnusedReturn::f_3>([1]) -> ([2]) in unused_return::unused_return::UnusedReturn::unused_return_3",
    },
    Result {
        impact: Medium,
        name: "unused-return",
        confidence: Medium,
        message: "Return value unused for the function call function_call<user@unused_return::unused_return::UnusedReturn::f_4>([1]) -> ([2]) in unused_return::unused_return::UnusedReturn::unused_return_4",
    },
    Result {
        impact: Medium,
        name: "unused-return",
        confidence: Medium,
        message: "Return value unused for the function call function_call<user@unused_return::unused_return::UnusedReturn::f_5>([0], [1], [2]) -> ([3], [4], [5]) in unused_return::unused_return::UnusedReturn::unused_return_5",
    },
    Result {
        impact: Medium,
        name: "unused-return",
        confidence: Medium,
        message: "Return value unused for the function call function_call<user@unused_return::unused_return::UnusedReturn::f_6>([0], [1], [2], [4], [5]) -> ([7], [8], [9]) in unused_return::unused_return::UnusedReturn::unused_return_6",
    },
    Result {
        impact: Medium,
        name: "unused-return",
        confidence: Medium,
        message: "Return value unused for the function call function_call<user@unused_return::unused_return::UnusedReturn::f_7>([0], [1], [2], [3]) -> ([4], [5], [6]) in unused_return::unused_return::UnusedReturn::unused_return_7",
    },
]
