---
source: tests/integration_tests.rs
expression: results
input_file: tests/detectors/tx_origin.cairo
---
[
    Result {
        impact: Medium,
        name: "tx-origin",
        confidence: Medium,
        message: "The transaction origin contract address is used in an access control check in the function tx_origin::tx_origin::TxOrigin::bad",
    },
    Result {
        impact: Medium,
        name: "tx-origin",
        confidence: Medium,
        message: "The transaction origin contract address is used in an access control check in the function tx_origin::tx_origin::TxOrigin::bad_indirect",
    },
]
