---
source: tests/integration_tests.rs
expression: results
---
[
    Result {
        impact: Medium,
        name: "unenforced-view",
        confidence: Medium,
        message: "recursive_storage_write_direct defined in unenforced_view::unenforced_view::UnenforcedView is declared as view but changes state",
    },
    Result {
        impact: Medium,
        name: "unenforced-view",
        confidence: Medium,
        message: "recursive_storage_write_indirect defined in unenforced_view::unenforced_view::UnenforcedView is declared as view but changes state",
    },
    Result {
        impact: Medium,
        name: "unenforced-view",
        confidence: Medium,
        message: "writes_to_storage_direct defined in unenforced_view::unenforced_view::UnenforcedView is declared as view but changes state",
    },
    Result {
        impact: Medium,
        name: "unenforced-view",
        confidence: Medium,
        message: "writes_to_storage_indirect defined in unenforced_view::unenforced_view::UnenforcedView is declared as view but changes state",
    },
]
