---
source: tests/integration_tests.rs
expression: results
input_file: tests/detectors/felt252_overflow.cairo
---
[
    Result {
        impact: High,
        name: "felt252-overflow",
        confidence: Medium,
        message: "The function felt252_overflow::felt252_overflow::Felt252Overflow::bad_add uses the felt252 operation felt252_add([0], [1]) -> ([2]), which is not overflow safe",
    },
    Result {
        impact: High,
        name: "felt252-overflow",
        confidence: Medium,
        message: "The function felt252_overflow::felt252_overflow::Felt252Overflow::bad_add_controlled uses the felt 252 operation felt252_add([17], [3]) -> ([21]) with the user-controlled parameters: [3]",
    },
    Result {
        impact: High,
        name: "felt252-overflow",
        confidence: Medium,
        message: "The function felt252_overflow::felt252_overflow::Felt252Overflow::bad_add_controlled uses the felt 252 operation felt252_add([19], [20]) -> ([18]) with the user-controlled parameters: [19],[20]",
    },
    Result {
        impact: High,
        name: "felt252-overflow",
        confidence: Medium,
        message: "The function felt252_overflow::felt252_overflow::Felt252Overflow::bad_add_controlled uses the felt 252 operation felt252_add([21], [4]) -> ([22]) with the user-controlled parameters: [21],[4]",
    },
    Result {
        impact: High,
        name: "felt252-overflow",
        confidence: Medium,
        message: "The function felt252_overflow::felt252_overflow::Felt252Overflow::bad_add_uncontrolled uses the felt252 operation felt252_add([3], [4]) -> ([5]), which is not overflow safe",
    },
    Result {
        impact: High,
        name: "felt252-overflow",
        confidence: Medium,
        message: "The function felt252_overflow::felt252_overflow::Felt252Overflow::bad_add_uncontrolled uses the felt252 operation felt252_sub([1], [2]) -> ([3]), which is not overflow safe",
    },
    Result {
        impact: High,
        name: "felt252-overflow",
        confidence: Medium,
        message: "The function felt252_overflow::felt252_overflow::Felt252Overflow::bad_mul_controlled uses the felt 252 operation felt252_mul([6], [5]) -> ([10]) with the user-controlled parameters: [6],[5]",
    },
    Result {
        impact: High,
        name: "felt252-overflow",
        confidence: Medium,
        message: "The function felt252_overflow::felt252_overflow::Felt252Overflow::bad_mul_controlled uses the felt 252 operation felt252_mul([7], [4]) -> ([6]) with the user-controlled parameters: [7],[4]",
    },
    Result {
        impact: High,
        name: "felt252-overflow",
        confidence: Medium,
        message: "The function felt252_overflow::felt252_overflow::Felt252Overflow::bad_mul_controlled uses the felt 252 operation felt252_mul([9], [3]) -> ([8]) with the user-controlled parameters: [9],[3]",
    },
    Result {
        impact: High,
        name: "felt252-overflow",
        confidence: Medium,
        message: "The function felt252_overflow::felt252_overflow::Felt252Overflow::bad_sub_controlled uses the felt 252 operation felt252_sub([16], [3]) -> ([17]) with the user-controlled parameters: [3]",
    },
    Result {
        impact: High,
        name: "felt252-overflow",
        confidence: Medium,
        message: "The function felt252_overflow::felt252_overflow::Felt252Overflow::bad_sub_uncontrolled uses the felt252 operation felt252_sub([3], [4]) -> ([5]), which is not overflow safe",
    },
    Result {
        impact: Low,
        name: "dead-code",
        confidence: Medium,
        message: "Function bad_add defined in felt252_overflow::felt252_overflow::Felt252Overflow is never used",
    },
]
