---
source: tests/integration_tests.rs
expression: results
input_file: tests/detectors/felt252_overflow.cairo
---
[
    Result {
        impact: Medium,
        name: "felt252-unsafe-arithmetic",
        confidence: Medium,
        message: "The function felt252_overflow::felt252_overflow::Felt252Overflow::bad_add uses the felt252 operation felt252_add([0], [1]) -> ([6]) with the user-controlled parameters: [0],[1], which is not overflow/underflow safe",
    },
    Result {
        impact: Medium,
        name: "felt252-unsafe-arithmetic",
        confidence: Medium,
        message: "The function felt252_overflow::felt252_overflow::Felt252Overflow::bad_add_controlled uses the felt252 operation felt252_add([19], [3]) -> ([20]) with the user-controlled parameters: [3], which is not overflow/underflow safe",
    },
    Result {
        impact: Medium,
        name: "felt252-unsafe-arithmetic",
        confidence: Medium,
        message: "The function felt252_overflow::felt252_overflow::Felt252Overflow::bad_add_controlled uses the felt252 operation felt252_add([20], [4]) -> ([21]) with the user-controlled parameters: [20],[4], which is not overflow/underflow safe",
    },
    Result {
        impact: Medium,
        name: "felt252-unsafe-arithmetic",
        confidence: Medium,
        message: "The function felt252_overflow::felt252_overflow::Felt252Overflow::bad_add_uncontrolled uses the felt252 operation felt252_sub([1], [2]) -> ([3]), which is not overflow/underflow safe",
    },
    Result {
        impact: Medium,
        name: "felt252-unsafe-arithmetic",
        confidence: Medium,
        message: "The function felt252_overflow::felt252_overflow::Felt252Overflow::bad_mul_controlled uses the felt252 operation felt252_mul([6], [4]) -> ([7]) with the user-controlled parameters: [6],[4], which is not overflow/underflow safe",
    },
    Result {
        impact: Medium,
        name: "felt252-unsafe-arithmetic",
        confidence: Medium,
        message: "The function felt252_overflow::felt252_overflow::Felt252Overflow::bad_mul_controlled uses the felt252 operation felt252_mul([7], [5]) -> ([10]) with the user-controlled parameters: [7],[5], which is not overflow/underflow safe",
    },
    Result {
        impact: Medium,
        name: "felt252-unsafe-arithmetic",
        confidence: Medium,
        message: "The function felt252_overflow::felt252_overflow::Felt252Overflow::bad_mul_controlled uses the felt252 operation felt252_mul([8], [3]) -> ([9]) with the user-controlled parameters: [8],[3], which is not overflow/underflow safe",
    },
    Result {
        impact: Medium,
        name: "felt252-unsafe-arithmetic",
        confidence: Medium,
        message: "The function felt252_overflow::felt252_overflow::Felt252Overflow::bad_sub_controlled uses the felt252 operation felt252_sub([13], [3]) -> ([14]) with the user-controlled parameters: [3], which is not overflow/underflow safe",
    },
    Result {
        impact: Medium,
        name: "felt252-unsafe-arithmetic",
        confidence: Medium,
        message: "The function felt252_overflow::felt252_overflow::Felt252Overflow::bad_sub_uncontrolled uses the felt252 operation felt252_sub([3], [4]) -> ([5]), which is not overflow/underflow safe",
    },
    Result {
        impact: Medium,
        name: "felt252-unsafe-arithmetic",
        confidence: Medium,
        message: "The function felt252_overflow::felt252_overflow::Felt252Overflow::test_sub_assert uses the felt252 operation felt252_sub([1], [12]) -> ([13]) with the user-controlled parameters: [1], which is not overflow/underflow safe",
    },
    Result {
        impact: Medium,
        name: "unused-return",
        confidence: Medium,
        message: "Return value unused for the function call function_call<user@felt252_overflow::felt252_overflow::Felt252Overflow::bad_add>([14], [15]) -> ([16]) in felt252_overflow::felt252_overflow::Felt252Overflow::bad_add_controlled",
    },
]
