---
source: tests/integration_tests.rs
expression: "get_detectors().iter().flat_map(|d| d.run(&core)).collect::<Vec<Result>>()"
---
[
    Result {
        name: "unused-return",
        impact: Medium,
        confidence: Medium,
        message: "Return value unused for the function call function_call<user@unused_return::unused_return::UnusedReturn::f_1>([6], [7], [8]) -> ([3], [4], [5]) in unused_return::unused_return::UnusedReturn::unused_return_1",
    },
    Result {
        name: "unused-return",
        impact: Medium,
        confidence: Medium,
        message: "Return value unused for the function call function_call<user@unused_return::unused_return::UnusedReturn::f_2>([2]) -> ([1]) in unused_return::unused_return::UnusedReturn::unused_return_2",
    },
    Result {
        name: "unused-return",
        impact: Medium,
        confidence: Medium,
        message: "Return value unused for the function call function_call<user@unused_return::unused_return::UnusedReturn::f_3>([2]) -> ([1]) in unused_return::unused_return::UnusedReturn::unused_return_3",
    },
    Result {
        name: "unused-return",
        impact: Medium,
        confidence: Medium,
        message: "Return value unused for the function call function_call<user@unused_return::unused_return::UnusedReturn::f_4>([2]) -> ([1]) in unused_return::unused_return::UnusedReturn::unused_return_4",
    },
]
