---
source: tests/integration_tests.rs
expression: "get_detectors().iter().flat_map(|d| d.run(&core)).collect::<Vec<Result>>()"
---
[
    Result {
        name: "controlled-library-call",
        impact: High,
        confidence: Medium,
        message: "Library call to user controlled class hash in controlled_library_call::controlled_library_call::TestContract::bad1\n function_call<user@controlled_library_call::controlled_library_call::IAnotherContractLibraryDispatcherImpl::foo>([10], [11], [12], [13], [14]) -> ([6], [7], [8], [9])",
    },
    Result {
        name: "controlled-library-call",
        impact: High,
        confidence: Medium,
        message: "Library call to user controlled class hash in controlled_library_call::controlled_library_call::TestContract::internal_lib_call\n function_call<user@controlled_library_call::controlled_library_call::IAnotherContractLibraryDispatcherImpl::foo>([10], [11], [12], [13], [14]) -> ([6], [7], [8], [9])",
    },
]
